
Clover EFI installer log - Thu Oct 26 01:02:15 ICT 2017
Installer version: v2.4k r4259 EFI bootloader
======================================================
/dev/disk0
   #:                       TYPE NAME                    SIZE       IDENTIFIER
   0:      GUID_partition_scheme                        *120.0 GB   disk0
   1:                        EFI EFI                     209.7 MB   disk0s1
   2:                  Apple_HFS MacOS                   119.2 GB   disk0s2
   3:                 Apple_Boot Recovery HD             650.0 MB   disk0s3
/dev/disk1
   #:                       TYPE NAME                    SIZE       IDENTIFIER
   0:     FDisk_partition_scheme                        *500.1 GB   disk1
   1:                  Apple_HFS System Rese             104.9 MB   disk1s1
   2:                  Apple_HFS osx                     104.8 GB   disk1s2
   3:                  Apple_HFS Backup                  209.7 GB   disk1s3
   4:                  Apple_HFS Install macOS Sierra    185.5 GB   disk1s4
======================================================
Backing up EFI files

Backing up stage2 file /Volumes/MacOS/EFIROOTDIR/boot  to /Volumes/MacOS/EFI-Backups/r4259/2017-10-26-01h02/boot
Backing up /Volumes/MacOS/EFIROOTDIR/EFI folder to /Volumes/MacOS/EFI-Backups/r4259/2017-10-26-01h02/EFI
======================================================
Installing BootSectors/BootLoader

Stage 0 - Don't write any of boot0af, boot0md, boot0ss to /
Stage 1 - Don't write any of boot1h2, boot1f32alt, boot1xalt to /

Removing drivers64UEFI/VBoxHfs-64.efi driver because HFSPlus driver present

======================================================
=========== Clover EFI Installation Finish ===========
======================================================
