
Clover EFI installer log - Thu Oct 26 08:18:45 +07 2017
Installer version: v2.4k r4259 EFI bootloader
======================================================
/dev/disk0 (internal, physical):
   #:                       TYPE NAME                    SIZE       IDENTIFIER
   0:      GUID_partition_scheme                        *251.0 GB   disk0
   1:                        EFI EFI                     209.7 MB   disk0s1
   2:          Apple_CoreStorage Untitled                250.1 GB   disk0s2
   3:                 Apple_Boot Recovery HD             650.0 MB   disk0s3

/dev/disk1 (internal, virtual):
   #:                       TYPE NAME                    SIZE       IDENTIFIER
   0:                  Apple_HFS Data                   +249.8 GB   disk1
                                 Logical Volume on disk0s2
                                 99227A3F-2D19-4DC4-8968-44C03A21EC71
                                 Unlocked Encrypted

/dev/disk2 (external, physical):
   #:                       TYPE NAME                    SIZE       IDENTIFIER
   0:     FDisk_partition_scheme                        *7.7 GB     disk2
   1:                 DOS_FAT_32 CLOVER                  7.7 GB     disk2s1

======================================================
Backing up EFI files

Backing up stage2 file /Volumes/CLOVER/EFIROOTDIR/boot  to /Volumes/CLOVER/EFI-Backups/r2922/2017-10-26-08h18/boot
Backing up /Volumes/CLOVER/EFIROOTDIR/EFI folder to /Volumes/CLOVER/EFI-Backups/r2922/2017-10-26-08h18/EFI
======================================================
Installing BootSectors/BootLoader

Stage 0 - Don't write any of boot0af, boot0md, boot0ss to /Volumes/CLOVER
Stage 1 - Don't write any of boot1h2, boot1f32alt, boot1xalt to /Volumes/CLOVER
Stage 2 - Written boot6 (x64) to /Volumes/CLOVER/boot

Removing drivers64UEFI/VBoxHfs-64.efi driver because HFSPlus driver present

======================================================
=========== Clover EFI Installation Finish ===========
======================================================
